
> afritechx-web@0.1.0 build
> next build

Γû▓ Next.js 16.1.6 (Turbopack)

  Creating an optimized production build ...
node.exe : 
At line:1 char:1
+ & "C:\Program 
Files\nodejs/node.exe" 
"C:\Program 
Files\nodejs/node_mo ...
+ ~~~~~~~~~~~~~~~~~~~~~~~~~
~~~~~~~~~~~~~~~~~~~~~~~~~~~
~~~~~~~~~~~~~~~~~
    + CategoryInfo         
     : NotSpecified: (:St  
  ring) [], RemoteExcept   
 ion
    + FullyQualifiedErrorI 
   d : NativeCommandError
 
> Build error occurred
Error: Turbopack build 
failed with 2 errors:
./src/app/layout.tsx:21:1
Module not found: Can't 
resolve 
'@/components/Footer'
[0m [90m 19 |[39m
 [90m 20 |[39m 
[36mimport[39m 
[33mHeader[39m 
[36mfrom[39m [32m"@/comp
onents/Header"[39m[33m;[
39m
[31m[1m>[22m[39m[90m 
21 |[39m [36mimport[39m 
[33mFooter[39m 
[36mfrom[39m [32m"@/comp
onents/Footer"[39m[33m;[
39m
 [90m    |[39m [31m[1m^
[22m[39m[31m[1m^[22m[
39m[31m[1m^[22m[39m[31
m[1m^[22m[39m[31m[1m^
[22m[39m[31m[1m^[22m[3
9m[31m[1m^[22m[39m[31m
[1m^[22m[39m[31m[1m^[
22m[39m[31m[1m^[22m[39
m[31m[1m^[22m[39m[31m
[1m^[22m[39m[31m[1m^[2
2m[39m[31m[1m^[22m[39m
[31m[1m^[22m[39m[31m[
1m^[22m[39m[31m[1m^[22
m[39m[31m[1m^[22m[39m
[31m[1m^[22m[39m[31m[1
m^[22m[39m[31m[1m^[22m
[39m[31m[1m^[22m[39m[
31m[1m^[22m[39m[31m[1m
^[22m[39m[31m[1m^[22m
[39m[31m[1m^[22m[39m[3
1m[1m^[22m[39m[31m[1m^
[22m[39m[31m[1m^[22m[
39m[31m[1m^[22m[39m[31
m[1m^[22m[39m[31m[1m^
[22m[39m[31m[1m^[22m[3
9m[31m[1m^[22m[39m[31m
[1m^[22m[39m[31m[1m^[
22m[39m[31m[1m^[22m[39
m[31m[1m^[22m[39m[31m
[1m^[22m[39m[31m[1m^[2
2m[39m[31m[1m^[22m[39m
 [90m 22 |[39m
 [90m 23 |[39m 
[36mexport[39m 
[36mdefault[39m 
[36mfunction[39m 
[33mRootLayout[39m({
 [90m 24 |[39m   
children[33m,[39m[0m

Import map: aliased to 
relative 
'./src/components/Footer' 
inside of [project]/


https://nextjs.org/docs/mes
sages/module-not-found


./src/app/layout.tsx:20:1
Module not found: Can't 
resolve 
'@/components/Header'
[0m [90m 18 |[39m 
}[33m;[39m
 [90m 19 |[39m
[31m[1m>[22m[39m[90m 
20 |[39m [36mimport[39m 
[33mHeader[39m 
[36mfrom[39m [32m"@/comp
onents/Header"[39m[33m;[
39m
 [90m    |[39m [31m[1m^
[22m[39m[31m[1m^[22m[
39m[31m[1m^[22m[39m[31
m[1m^[22m[39m[31m[1m^
[22m[39m[31m[1m^[22m[3
9m[31m[1m^[22m[39m[31m
[1m^[22m[39m[31m[1m^[
22m[39m[31m[1m^[22m[39
m[31m[1m^[22m[39m[31m
[1m^[22m[39m[31m[1m^[2
2m[39m[31m[1m^[22m[39m
[31m[1m^[22m[39m[31m[
1m^[22m[39m[31m[1m^[22
m[39m[31m[1m^[22m[39m
[31m[1m^[22m[39m[31m[1
m^[22m[39m[31m[1m^[22m
[39m[31m[1m^[22m[39m[
31m[1m^[22m[39m[31m[1m
^[22m[39m[31m[1m^[22m
[39m[31m[1m^[22m[39m[3
1m[1m^[22m[39m[31m[1m^
[22m[39m[31m[1m^[22m[
39m[31m[1m^[22m[39m[31
m[1m^[22m[39m[31m[1m^
[22m[39m[31m[1m^[22m[3
9m[31m[1m^[22m[39m[31m
[1m^[22m[39m[31m[1m^[
22m[39m[31m[1m^[22m[39
m[31m[1m^[22m[39m[31m
[1m^[22m[39m[31m[1m^[2
2m[39m[31m[1m^[22m[39m
 [90m 21 |[39m 
[36mimport[39m 
[33mFooter[39m 
[36mfrom[39m [32m"@/comp
onents/Footer"[39m[33m;[
39m
 [90m 22 |[39m
 [90m 23 |[39m 
[36mexport[39m 
[36mdefault[39m 
[36mfunction[39m 
[33mRootLayout[39m({[0m

Import map: aliased to 
relative 
'./src/components/Header' 
inside of [project]/


https://nextjs.org/docs/mes
sages/module-not-found


    at <unknown> 
(./src/app/layout.tsx:21:1)
    at <unknown> (https://n
extjs.org/docs/messages/mod
ule-not-found)
    at <unknown> 
(./src/app/layout.tsx:20:1)
    at <unknown> (https://n
extjs.org/docs/messages/mod
ule-not-found)
