
> afritechx-web@0.1.0 build
> next build

node.exe : ΓÜá 
Warning: Next.js 
inferred your 
workspace root, but it 
may not be correct.
At line:1 char:1
+ & "C:\Program 
Files\nodejs/node.exe" 
"C:\Program 
Files\nodejs/node_mo 
...
+ ~~~~~~~~~~~~~~~~~~~~~
~~~~~~~~~~~~~~~~~~~~~~~
~~~~~~~~~~~~~~~~~~~~~~~
~~
    + CategoryInfo     
         : NotSpecifi  
  ed: (ΓÜá Warning:    
 Ne...not be correc    
t.:String) [], Rem    
oteException
    + FullyQualifiedEr 
   rorId : NativeComm  
  andError
 
 We detected multiple 
lockfiles and selected 
the directory of 
C:\Users\Gabriel Kwaku 
Kusi\Downloads\stitch_a
fritechx_services_overv
iew\package-lock.json 
as the root directory.
 To silence this 
warning, set 
`turbopack.root` in 
your Next.js config, 
or consider removing 
one of the lockfiles 
if it's not needed.
   See https://nextjs.o
rg/docs/app/api-referen
ce/config/next-config-j
s/turbopack#root-direct
ory for more 
information.
 Detected additional 
lockfiles: 
   * C:\Users\Gabriel 
Kwaku Kusi\Downloads\st
itch_afritechx_services
_overview\afritechx-web
\package-lock.json

Γû▓ Next.js 16.1.6 (Turbopack)
- Environments: .env

ΓÜá The "middleware" 
file convention is 
deprecated. Please use 
"proxy" instead. Learn 
more: https://nextjs.or
g/docs/messages/middlew
are-to-proxy
  Creating an optimized production build ...
Γ£ô Compiled successfully in 21.4s
  Running TypeScript ...
  Collecting page data using 3 workers ...
  Generating static pages using 3 workers (0/57) ...
  Generating static pages using 3 workers (14/57) 
  Generating static pages using 3 workers (28/57) 
Error occurred 
prerendering page "/cli
ent-portal-dashboard-ov
erview". Read more: htt
ps://nextjs.org/docs/me
ssages/prerender-error
Error [PrismaClientKnow
nRequestError]: 
Invalid `prisma.user.fi
ndUnique()` invocation:


The table `main.User` 
does not exist in the 
current database.
    at async e 
(C:\Users\Gabriel 
Kwaku Kusi\Downloads\st
itch_afritechx_services
_overview\afritechx-web
\.next\server\chunks\ss
r\[root-of-the-server]_
_c3e33f46._.js:1:535) {
  code: 'P2021',
  meta: [Object],
  clientVersion: 
'6.19.2',
  digest: '1894386921'
}
Export encountered an 
error on /client-portal
-dashboard-overview/pag
e: /client-portal-dashb
oard-overview, exiting 
the build.
Γ¿» Next.js build 
worker exited with 
code: 1 and signal: 
null
