src/app/about-team-profile/page.tsx(28,58): error TS17008: JSX element 'br' has no corresponding closing tag.
src/app/about-team-profile/page.tsx(49,2): error TS17008: JSX element 'img' has no corresponding closing tag.
src/app/about-team-profile/page.tsx(179,2): error TS17008: JSX element 'img' has no corresponding closing tag.
src/app/about-team-profile/page.tsx(200,2): error TS17008: JSX element 'img' has no corresponding closing tag.
src/app/about-team-profile/page.tsx(221,2): error TS17008: JSX element 'img' has no corresponding closing tag.
src/app/about-team-profile/page.tsx(242,2): error TS17008: JSX element 'img' has no corresponding closing tag.
src/app/blog-post-article-view/page.tsx(43,2): error TS17008: JSX element 'img' has no corresponding closing tag.
src/app/blog-post-article-view/page.tsx(89,2): error TS17008: JSX element 'img' has no corresponding closing tag.
src/app/blog-post-article-view/page.tsx(101,2): error TS17008: JSX element 'img' has no corresponding closing tag.
src/app/blog-post-article-view/page.tsx(127,2): error TS17008: JSX element 'input' has no corresponding closing tag.
src/app/blog-post-article-view/page.tsx(143,2): error TS17008: JSX element 'img' has no corresponding closing tag.
src/app/blog-post-article-view/page.tsx(154,2): error TS17008: JSX element 'img' has no corresponding closing tag.
src/app/blog-post-article-view/page.tsx(165,2): error TS17008: JSX element 'img' has no corresponding closing tag.
src/app/brand-identity-ui-kit/page.tsx(52,2): error TS17008: JSX element 'div' has no corresponding closing tag.
src/app/brand-identity-ui-kit/page.tsx(58,2): error TS17008: JSX element 'p' has no corresponding closing tag.
src/app/brand-identity-ui-kit/page.tsx(58,214): error TS17002: Expected corresponding JSX closing tag for 'br'.
src/app/brand-identity-ui-kit/page.tsx(59,3): error TS17002: Expected corresponding JSX closing tag for 'br'.
src/app/brand-identity-ui-kit/page.tsx(187,2): error TS17008: JSX element 'input' has no corresponding closing tag.
src/app/brand-identity-ui-kit/page.tsx(193,2): error TS17008: JSX element 'input' has no corresponding closing tag.
src/app/brand-identity-ui-kit/page.tsx(197,2): error TS17008: JSX element 'input' has no corresponding closing tag.
src/app/careers-open-roles/page.tsx(86,2): error TS17008: JSX element 'input' has no corresponding closing tag.
src/app/case-studies-portfolio/page.tsx(52,2): error TS17008: JSX element 'img' has no corresponding closing tag.
src/app/case-studies-portfolio/page.tsx(80,2): error TS17008: JSX element 'img' has no corresponding closing tag.
src/app/case-studies-portfolio/page.tsx(109,2): error TS17008: JSX element 'img' has no corresponding closing tag.
src/app/case-studies-portfolio/page.tsx(138,2): error TS17008: JSX element 'img' has no corresponding closing tag.
src/app/case-studies-portfolio/page.tsx(167,2): error TS17008: JSX element 'img' has no corresponding closing tag.
src/app/client-onboarding-checklist-overview/page.tsx(68,2): error TS17008: JSX element 'input' has no corresponding closing tag.
src/app/client-onboarding-checklist-overview/page.tsx(77,2): error TS17008: JSX element 'input' has no corresponding closing tag.
src/app/client-onboarding-checklist-overview/page.tsx(87,2): error TS17008: JSX element 'input' has no corresponding closing tag.
src/app/client-portal-document-repository/page.tsx(28,2): error TS17008: JSX element 'input' has no corresponding closing tag.
src/app/client-support-help-center/page.tsx(30,2): error TS17008: JSX element 'input' has no corresponding closing tag.
src/app/contact-global-offices/page.tsx(124,2): error TS17008: JSX element 'input' has no corresponding closing tag.
src/app/contact-global-offices/page.tsx(128,2): error TS17008: JSX element 'input' has no corresponding closing tag.
src/app/contact-global-offices/page.tsx(133,2): error TS17008: JSX element 'input' has no corresponding closing tag.
src/app/custom-icon-system-set/page.tsx(22,120): error TS17008: JSX element 'br' has no corresponding closing tag.
src/app/developer-api-documentation-portal/page.tsx(5,6): error TS17008: JSX element 'div' has no corresponding closing tag.
src/app/developer-api-documentation-portal/page.tsx(91,2): error TS17008: JSX element 'main' has no corresponding closing tag.
src/app/developer-api-documentation-portal/page.tsx(241,3): error TS17002: Expected corresponding JSX closing tag for 'hr'.
src/app/developer-api-documentation-portal/page.tsx(242,3): error TS17002: Expected corresponding JSX closing tag for 'hr'.
src/app/developer-api-documentation-portal/page.tsx(297,2): error TS17008: JSX element 'input' has no corresponding closing tag.
src/app/developer-api-documentation-portal/page.tsx(335,1): error TS1381: Unexpected token. Did you mean `{'}'}` or `&rbrace;`?
src/app/developer-api-documentation-portal/page.tsx(336,1): error TS1005: '</' expected.
src/app/enterprise-solutions-page/page.tsx(77,2): error TS17008: JSX element 'img' has no corresponding closing tag.
src/app/enterprise-solutions-page/page.tsx(93,2): error TS17008: JSX element 'img' has no corresponding closing tag.
src/app/enterprise-solutions-page/page.tsx(109,2): error TS17008: JSX element 'img' has no corresponding closing tag.
src/app/enterprise-solutions-page/page.tsx(152,2): error TS17008: JSX element 'img' has no corresponding closing tag.
src/app/enterprise-tech-architecture/page.tsx(34,2): error TS17008: JSX element 'img' has no corresponding closing tag.
src/app/homepage-light-mode/page.tsx(48,2): error TS17008: JSX element 'img' has no corresponding closing tag.
src/app/homepage-light-mode/page.tsx(58,2): error TS17008: JSX element 'img' has no corresponding closing tag.
src/app/homepage-light-mode/page.tsx(68,2): error TS17008: JSX element 'img' has no corresponding closing tag.
src/app/mobile-help-center-hub/page.tsx(14,2): error TS17008: JSX element 'input' has no corresponding closing tag.
src/app/mobile-live-whiteboard/page.tsx(68,2): error TS17008: JSX element 'input' has no corresponding closing tag.
src/app/portal-user-settings-customization/page.tsx(78,2): error TS17008: JSX element 'input' has no corresponding closing tag.
src/app/portal-user-settings-customization/page.tsx(82,2): error TS17008: JSX element 'input' has no corresponding closing tag.
src/app/portal-user-settings-customization/page.tsx(106,2): error TS17008: JSX element 'input' has no corresponding closing tag.
src/app/portal-user-settings-customization/page.tsx(154,2): error TS17008: JSX element 'input' has no corresponding closing tag.
src/app/portal-user-settings-customization/page.tsx(164,2): error TS17008: JSX element 'input' has no corresponding closing tag.
src/app/portal-user-settings-customization/page.tsx(174,2): error TS17008: JSX element 'input' has no corresponding closing tag.
src/app/portal-user-settings-customization/page.tsx(184,2): error TS17008: JSX element 'input' has no corresponding closing tag.
src/app/request-a-quote-form-step-1/page.tsx(28,2): error TS17008: JSX element 'input' has no corresponding closing tag.
src/app/request-a-quote-form-step-1/page.tsx(41,2): error TS17008: JSX element 'input' has no corresponding closing tag.
src/app/request-a-quote-form-step-1/page.tsx(54,2): error TS17008: JSX element 'input' has no corresponding closing tag.
src/app/request-a-quote-form-step-1/page.tsx(67,2): error TS17008: JSX element 'input' has no corresponding closing tag.
src/app/request-a-quote-form-step-2/page.tsx(62,2): error TS17008: JSX element 'input' has no corresponding closing tag.
src/app/request-a-quote-form-step-2/page.tsx(72,2): error TS17008: JSX element 'input' has no corresponding closing tag.
src/app/request-a-quote-form-step-2/page.tsx(82,2): error TS17008: JSX element 'input' has no corresponding closing tag.
src/app/request-a-quote-form-step-2/page.tsx(92,2): error TS17008: JSX element 'input' has no corresponding closing tag.
src/app/request-a-quote-form-step-3/page.tsx(37,2): error TS17008: JSX element 'input' has no corresponding closing tag.
src/app/request-a-quote-form-step-3/page.tsx(41,2): error TS17008: JSX element 'input' has no corresponding closing tag.
src/app/request-a-quote-form-step-3/page.tsx(46,2): error TS17008: JSX element 'input' has no corresponding closing tag.
src/app/request-a-quote-form-step-3/page.tsx(50,2): error TS17008: JSX element 'input' has no corresponding closing tag.
src/app/services-solutions/page.tsx(192,2): error TS17008: JSX element 'img' has no corresponding closing tag.
src/app/services-solutions/page.tsx(200,52): error TS17008: JSX element 'br' has no corresponding closing tag.
src/app/tech-insights-blog-hub/page.tsx(29,2): error TS17008: JSX element 'input' has no corresponding closing tag.
src/app/tech-insights-blog-hub/page.tsx(58,2): error TS17008: JSX element 'img' has no corresponding closing tag.
src/app/tech-insights-blog-hub/page.tsx(90,2): error TS17008: JSX element 'img' has no corresponding closing tag.
src/app/tech-insights-blog-hub/page.tsx(106,2): error TS17008: JSX element 'img' has no corresponding closing tag.
src/app/tech-insights-blog-hub/page.tsx(122,2): error TS17008: JSX element 'img' has no corresponding closing tag.
src/app/technical-resource-library/page.tsx(24,2): error TS17008: JSX element 'img' has no corresponding closing tag.
src/app/technical-resource-library/page.tsx(45,2): error TS17008: JSX element 'img' has no corresponding closing tag.
src/app/technical-resource-library/page.tsx(66,2): error TS17008: JSX element 'img' has no corresponding closing tag.
src/app/technical-resource-library/page.tsx(87,2): error TS17008: JSX element 'img' has no corresponding closing tag.
src/app/technical-resource-library/page.tsx(108,2): error TS17008: JSX element 'img' has no corresponding closing tag.
src/app/technical-resource-library/page.tsx(129,2): error TS17008: JSX element 'img' has no corresponding closing tag.
src/app/technical-resource-library/page.tsx(179,2): error TS17008: JSX element 'input' has no corresponding closing tag.
src/app/technical-resource-library/page.tsx(183,2): error TS17008: JSX element 'input' has no corresponding closing tag.
