src/app/client-portal-dashboard-overview/page.tsx(18,5): error TS2322: Type '{ id: string; createdAt: Date; updatedAt: Date; name: string | null; email: string; role: string; company: string | null; avatarUrl: string | null; }' is not assignable to type '{ projects: ({ milestones: { id: string; status: string; createdAt: Date; updatedAt: Date; title: string; projectId: string; }[]; } & { id: string; status: string; clientId: string; createdAt: Date; updatedAt: Date; name: string; description: string | null; progress: number; })[]; } & { ...; }'.
  Property 'projects' is missing in type '{ id: string; createdAt: Date; updatedAt: Date; name: string | null; email: string; role: string; company: string | null; avatarUrl: string | null; }' but required in type '{ projects: ({ milestones: { id: string; status: string; createdAt: Date; updatedAt: Date; title: string; projectId: string; }[]; } & { id: string; status: string; clientId: string; createdAt: Date; updatedAt: Date; name: string; description: string | null; progress: number; })[]; }'.
src/app/client-portal-dashboard-overview/page.tsx(24,9): error TS2353: Object literal may only specify known properties, and 'image' does not exist in type '(Without<UserCreateInput, UserUncheckedCreateInput> & UserUncheckedCreateInput) | (Without<...> & UserCreateInput)'.
src/app/client-portal-dashboard-overview/page.tsx(50,25): error TS18047: 'user' is possibly 'null'.
src/app/client-portal-dashboard-overview/page.tsx(68,230): error TS18047: 'user' is possibly 'null'.
src/app/client-portal-dashboard-overview/page.tsx(68,235): error TS2339: Property 'image' does not exist on type '{ projects: ({ milestones: { id: string; status: string; createdAt: Date; updatedAt: Date; title: string; projectId: string; }[]; } & { id: string; status: string; clientId: string; createdAt: Date; updatedAt: Date; name: string; description: string | null; progress: number; })[]; } & { ...; }'.
src/app/client-portal-dashboard-overview/page.tsx(70,112): error TS18047: 'user' is possibly 'null'.
src/app/client-portal-dashboard-overview/page.tsx(95,106): error TS18047: 'user' is possibly 'null'.
src/lib/auth.ts(31,37): error TS2339: Property 'image' does not exist on type '{ id: string; createdAt: Date; updatedAt: Date; name: string | null; email: string; role: string; company: string | null; avatarUrl: string | null; }'.
src/lib/auth.ts(43,35): error TS2339: Property 'role' does not exist on type 'User | AdapterUser'.
  Property 'role' does not exist on type 'User'.
